#SWEEP_BEGIN id=2 low=100.0 high=200.0 hold_ms=800 cycles=3 hz=50
t_ms,cmd_deg,set_deg,now_deg,err_deg,cur_mA,duty_pct
9,200.0,200.0,100.3,99.7,3,60.0
18,200.0,200.0,100.7,99.4,527,46.6
28,200.0,200.0,103.5,96.2,452,47.3
38,200.0,200.0,107.7,92.0,406,50.0
48,200.0,200.0,113.7,86.2,366,51.6
58,200.0,200.0,119.9,79.7,345,52.6
68,200.0,200.0,126.9,72.7,344,53.6
78,200.0,200.0,133.2,66.4,329,53.9
88,200.0,200.0,140.0,59.8,340,53.8
98,200.0,200.0,146.9,52.9,326,54.5
108,200.0,200.0,153.8,45.8,309,54.7
118,200.0,200.0,160.5,39.2,315,54.6
128,200.0,200.0,167.2,32.4,309,54.3
138,200.0,200.0,174.0,25.5,300,54.2
148,200.0,200.0,180.7,18.9,279,50.2
158,200.0,200.0,187.4,12.3,84,36.5
168,200.0,200.0,194.4,4.5,157,13.6
178,200.0,200.0,194.8,4.7,194,13.1
188,200.0,200.0,199.6,0.3,-0,-4.0
199,200.0,200.0,200.8,-0.8,-6,-6.0
208,200.0,200.0,201.0,-1.0,-0,-4.7
218,200.0,200.0,201.0,-1.0,-0,-4.1
228,200.0,200.0,201.0,-1.0,-0,-4.0
238,200.0,200.0,201.0,-1.0,-0,-4.0
248,200.0,200.0,201.0,-1.0,-0,-4.0
258,200.0,200.0,201.0,-1.0,-0,-4.0
268,200.0,200.0,201.0,-1.0,-0,-4.0
278,200.0,200.0,201.0,-1.0,-0,-4.0
288,200.0,200.0,201.0,-1.0,-0,-4.0
298,200.0,200.0,201.0,-1.0,-0,-4.0
309,200.0,200.0,201.0,-1.0,-0,-4.0
318,200.0,200.0,201.0,-1.0,-0,-4.0
329,200.0,200.0,201.0,-1.0,-0,-4.0
338,200.0,200.0,201.0,-1.0,-0,-4.0
348,200.0,200.0,201.0,-1.0,-0,-4.0
358,200.0,200.0,201.0,-1.0,-0,-4.0
368,200.0,200.0,201.0,-1.0,-0,-4.0
378,200.0,200.0,201.0,-1.0,-0,-4.0
388,200.0,200.0,201.0,-1.0,-0,-4.0
398,200.0,200.0,201.0,-1.0,-0,-4.0
409,200.0,200.0,201.0,-1.0,-0,-4.0
418,200.0,200.0,201.0,-1.0,-0,-4.0
428,200.0,200.0,201.0,-1.0,-0,-4.0
438,200.0,200.0,201.0,-1.0,-0,-4.0
448,200.0,200.0,201.0,-1.0,-0,-4.0
458,200.0,200.0,201.0,-1.0,-0,-4.0
468,200.0,200.0,201.0,-1.0,-0,-4.0
478,200.0,200.0,201.0,-1.0,-0,-4.0
488,200.0,200.0,201.0,-1.0,-0,-4.0
498,200.0,200.0,201.0,-1.0,-0,-4.0
508,200.0,200.0,201.0,-1.0,-0,-4.0
519,200.0,200.0,201.0,-1.0,-0,-4.0
528,200.0,200.0,201.0,-1.0,-0,-4.0
538,200.0,200.0,201.0,-1.0,-0,-4.0
548,200.0,200.0,201.0,-1.0,-0,-4.0
558,200.0,200.0,201.0,-1.0,-0,-4.0
568,200.0,200.0,201.0,-1.0,-0,-4.0
578,200.0,200.0,201.0,-1.0,-0,-4.0
588,200.0,200.0,201.0,-1.0,-0,-4.0
598,200.0,200.0,201.0,-1.0,-0,-4.0
608,200.0,200.0,201.0,-1.0,-0,-4.0
619,200.0,200.0,201.0,-1.0,-0,-4.0
628,200.0,200.0,201.0,-1.0,-0,-4.0
638,200.0,200.0,201.0,-1.0,-0,-4.0
648,200.0,200.0,201.0,-1.0,-0,-4.0
658,200.0,200.0,201.0,-1.0,-0,-4.0
668,200.0,200.0,201.0,-1.0,-0,-4.0
678,200.0,200.0,201.0,-1.0,-0,-4.0
688,200.0,200.0,201.0,-1.0,-0,-4.0
698,200.0,200.0,201.0,-1.0,-0,-4.0
708,200.0,200.0,201.0,-1.0,-0,-4.0
719,200.0,200.0,201.0,-1.0,-0,-4.0
728,200.0,200.0,201.0,-1.0,-0,-4.0
738,200.0,200.0,201.0,-1.0,-0,-4.0
748,200.0,200.0,201.0,-1.0,-0,-4.0
758,200.0,200.0,201.0,-1.0,-0,-4.0
768,200.0,200.0,201.0,-1.0,-0,-4.0
778,200.0,200.0,201.0,-1.0,-0,-4.0
788,200.0,200.0,201.0,-1.0,-0,-4.0
798,200.0,200.0,201.0,-1.0,-0,-4.0
808,200.0,200.0,201.0,-1.0,-0,-4.0
819,100.0,100.0,201.0,-101.0,-7,-60.0
828,100.0,100.0,200.7,-100.6,-403,-46.7
838,100.0,100.0,198.4,-98.2,-472,-46.3
848,100.0,100.0,194.1,-93.9,-411,-49.4
858,100.0,100.0,189.0,-88.7,-385,-51.5
868,100.0,100.0,183.0,-82.6,-365,-52.7
878,100.0,100.0,177.3,-76.9,-342,-53.0
888,100.0,100.0,171.0,-70.8,-328,-54.2
898,100.0,100.0,164.4,-64.2,-324,-54.2
908,100.0,100.0,157.6,-57.2,-329,-54.0
919,100.0,100.0,151.1,-50.6,-338,-54.1
928,100.0,100.0,144.0,-43.4,-330,-54.4
938,100.0,100.0,137.0,-36.9,-308,-54.8
948,100.0,100.0,130.1,-30.0,-314,-54.9
958,100.0,100.0,123.0,-22.9,-308,-54.6
968,100.0,100.0,115.9,-15.6,-164,-43.8
978,100.0,100.0,108.7,-8.0,-61,-16.4
988,100.0,100.0,105.5,-5.5,-88,-6.4
998,100.0,100.0,101.4,-1.3,-0,-0.6
1008,100.0,100.0,100.2,-0.2,0,0.8
1018,100.0,100.0,100.0,0.0,0,0.7
1028,100.0,100.0,99.8,0.2,0,1.0
1038,100.0,100.0,99.8,0.2,0,0.9
1048,100.0,100.0,99.8,0.2,0,0.9
1058,100.0,100.0,99.8,0.2,0,0.8
1068,100.0,100.0,99.8,0.2,0,0.8
1078,100.0,100.0,99.8,0.2,0,0.8
1088,100.0,100.0,99.8,0.2,0,0.9
1098,100.0,100.0,99.8,0.2,0,0.8
1108,100.0,100.0,99.8,0.2,0,0.9
1118,100.0,100.0,99.8,0.2,0,0.8
1128,100.0,100.0,99.8,0.2,0,0.8
1138,100.0,100.0,99.8,0.2,0,0.8
1148,100.0,100.0,99.8,0.2,0,0.8
1158,100.0,100.0,99.8,0.2,0,0.8
1168,100.0,100.0,99.8,0.2,0,0.8
1178,100.0,100.0,99.8,0.2,0,0.8
1188,100.0,100.0,99.8,0.2,0,0.8
1199,100.0,100.0,99.8,0.2,0,0.8
1208,100.0,100.0,99.8,0.2,0,0.8
1218,100.0,100.0,99.8,0.2,0,0.8
1229,100.0,100.0,99.8,0.2,0,0.8
1238,100.0,100.0,99.8,0.2,0,0.8
1248,100.0,100.0,99.8,0.2,0,0.9
1258,100.0,100.0,99.8,0.2,0,0.8
1268,100.0,100.0,99.8,0.2,0,0.8
1278,100.0,100.0,99.8,0.2,0,0.8
1288,100.0,100.0,99.8,0.2,0,0.8
1298,100.0,100.0,99.8,0.2,0,0.8
1308,100.0,100.0,99.8,0.2,0,0.8
1318,100.0,100.0,99.8,0.2,0,0.8
1328,100.0,100.0,99.8,0.2,0,0.8
1338,100.0,100.0,99.8,0.2,0,0.8
1348,100.0,100.0,99.8,0.2,0,0.8
1358,100.0,100.0,99.8,0.2,0,0.8
1368,100.0,100.0,99.8,0.2,0,0.8
1378,100.0,100.0,99.8,0.2,0,0.8
1388,100.0,100.0,99.8,0.2,0,0.8
1398,100.0,100.0,99.8,0.2,0,0.8
1408,100.0,100.0,99.8,0.2,0,0.8
1418,100.0,100.0,99.8,0.2,0,0.8
1429,100.0,100.0,99.8,0.2,0,0.8
1439,100.0,100.0,99.8,0.2,0,0.8
1448,100.0,100.0,99.8,0.2,0,0.8
1458,100.0,100.0,99.8,0.2,0,0.8
1468,100.0,100.0,99.8,0.2,0,0.8
1478,100.0,100.0,99.8,0.2,0,0.8
1488,100.0,100.0,99.8,0.2,0,0.8
1498,100.0,100.0,99.8,0.2,0,0.8
1508,100.0,100.0,99.8,0.2,0,0.8
1518,100.0,100.0,99.8,0.2,0,0.8
1528,100.0,100.0,99.8,0.2,0,0.8
1539,100.0,100.0,99.8,0.2,0,0.8
1548,100.0,100.0,99.8,0.2,0,0.8
1558,100.0,100.0,99.8,0.2,0,0.8
1568,100.0,100.0,99.8,0.2,0,0.8
1578,100.0,100.0,99.8,0.2,0,0.8
1588,100.0,100.0,99.8,0.2,0,0.8
1598,100.0,100.0,99.8,0.2,0,0.8
1608,100.0,100.0,99.8,0.2,0,0.8
1618,100.0,100.0,99.8,0.2,0,0.8
1629,200.0,200.0,99.7,100.3,3,60.0
1638,200.0,200.0,100.0,100.1,516,43.7
1648,200.0,200.0,102.4,97.5,455,46.8
1658,200.0,200.0,106.6,93.0,404,50.0
1668,200.0,200.0,112.9,86.7,377,51.5
1678,200.0,200.0,119.2,80.6,359,52.6
1688,200.0,200.0,125.8,74.0,331,53.4
1698,200.0,200.0,132.1,67.5,340,53.7
1708,200.0,200.0,139.1,60.7,320,54.5
1718,200.0,200.0,145.6,53.9,315,54.9
1728,200.0,200.0,152.5,47.2,322,54.2
1738,200.0,200.0,159.5,40.1,330,54.6
1748,200.0,200.0,166.1,33.5,332,54.3
1758,200.0,200.0,173.0,26.7,327,54.7
1768,200.0,200.0,179.7,19.9,295,51.8
1778,200.0,200.0,186.4,13.3,102,39.4
1788,200.0,200.0,192.0,7.9,110,16.5
1798,200.0,200.0,196.9,6.5,168,15.8
1808,200.0,200.0,199.3,0.6,0,-2.4
1818,200.0,200.0,200.6,-0.6,-8,-5.2
1828,200.0,200.0,200.9,-0.8,-0,-4.3
1838,200.0,200.0,200.9,-0.9,-0,-3.8
1848,200.0,200.0,200.9,-0.9,-0,-3.7
1858,200.0,200.0,200.9,-0.9,-0,-3.6
1868,200.0,200.0,200.9,-0.9,-0,-3.6
1878,200.0,200.0,200.9,-0.9,-0,-3.6
1888,200.0,200.0,200.9,-0.9,-0,-3.7
1898,200.0,200.0,200.9,-0.9,-0,-3.6
1908,200.0,200.0,200.9,-0.9,-0,-3.7
1918,200.0,200.0,200.9,-0.9,-0,-3.6
1928,200.0,200.0,200.9,-0.9,-0,-3.6
1938,200.0,200.0,200.9,-0.9,-0,-3.6
1948,200.0,200.0,200.9,-0.9,-0,-3.6
1958,200.0,200.0,200.9,-0.9,-0,-3.6
1968,200.0,200.0,200.9,-0.9,-0,-3.6
1978,200.0,200.0,200.9,-0.9,-0,-3.6
1988,200.0,200.0,200.9,-0.9,-0,-3.6
1998,200.0,200.0,200.9,-0.9,-0,-3.6
2008,200.0,200.0,200.8,-0.9,-0,-3.6
2018,200.0,200.0,200.9,-0.9,-0,-3.6
2028,200.0,200.0,200.8,-0.9,-0,-3.6
2038,200.0,200.0,200.9,-0.9,-0,-3.6
2048,200.0,200.0,200.9,-0.9,-0,-3.6
2058,200.0,200.0,200.9,-0.9,-0,-3.6
2068,200.0,200.0,200.9,-0.9,-0,-3.6
2078,200.0,200.0,200.9,-0.9,-0,-3.6
2088,200.0,200.0,200.9,-0.9,-0,-3.6
2098,200.0,200.0,200.9,-0.9,-0,-3.6
2108,200.0,200.0,200.9,-0.9,-0,-3.6
2118,200.0,200.0,200.9,-0.9,-0,-3.6
2128,200.0,200.0,200.9,-0.9,-0,-3.6
2138,200.0,200.0,200.9,-0.9,-0,-3.5
2148,200.0,200.0,200.9,-0.9,-0,-3.6
2159,200.0,200.0,200.9,-0.9,-0,-3.6
2169,200.0,200.0,200.9,-0.9,-0,-3.6
2178,200.0,200.0,200.9,-0.9,-0,-3.5
2188,200.0,200.0,200.9,-0.9,-0,-3.5
2199,200.0,200.0,200.9,-0.9,-0,-3.6
2208,200.0,200.0,200.9,-0.9,-0,-3.6
2218,200.0,200.0,200.9,-0.9,-0,-3.6
2228,200.0,200.0,200.8,-0.9,-0,-3.6
2238,200.0,200.0,200.9,-0.8,-0,-3.5
2249,200.0,200.0,200.9,-0.9,-0,-3.6
2258,200.0,200.0,200.9,-0.9,-0,-3.6
2268,200.0,200.0,200.9,-0.9,-0,-3.6
2278,200.0,200.0,200.9,-0.9,-0,-3.6
2288,200.0,200.0,200.9,-0.9,-0,-3.5
2298,200.0,200.0,200.9,-0.9,-0,-3.6
2308,200.0,200.0,200.9,-0.9,-0,-3.6
2318,200.0,200.0,200.9,-0.9,-0,-3.6
2328,200.0,200.0,200.9,-0.9,-0,-3.6
2338,200.0,200.0,200.9,-0.9,-0,-3.6
2348,200.0,200.0,200.9,-0.9,-0,-3.5
2358,200.0,200.0,200.9,-0.9,-0,-3.5
2368,200.0,200.0,200.9,-0.9,-0,-3.6
2378,200.0,200.0,200.9,-0.9,-0,-3.5
2388,200.0,200.0,200.9,-0.9,-0,-3.6
2398,200.0,200.0,200.9,-0.8,-0,-3.6
2408,200.0,200.0,200.9,-0.9,-0,-3.6
2418,200.0,200.0,200.9,-0.9,-0,-3.6
2428,200.0,200.0,200.9,-0.9,-0,-3.6
2439,100.0,100.0,200.9,-101.0,-3,-60.0
2448,100.0,100.0,200.7,-100.7,-489,-50.0
2459,100.0,100.0,198.7,-98.5,-478,-45.4
2469,100.0,100.0,194.5,-94.4,-416,-49.2
2478,100.0,100.0,189.4,-89.4,-379,-51.0
2488,100.0,100.0,183.5,-83.2,-358,-52.3
2498,100.0,100.0,177.8,-77.6,-337,-53.4
2508,100.0,100.0,171.6,-71.0,-345,-53.5
2518,100.0,100.0,165.2,-64.8,-309,-54.5
2528,100.0,100.0,158.3,-57.9,-317,-54.2
2538,100.0,100.0,151.6,-51.3,-325,-54.0
2548,100.0,100.0,144.8,-44.3,-336,-54.2
2558,100.0,100.0,137.7,-37.3,-332,-54.3
2568,100.0,100.0,130.8,-30.3,-329,-54.5
2578,100.0,100.0,123.7,-23.5,-316,-54.9
2588,100.0,100.0,116.6,-16.5,-184,-45.2
2598,100.0,100.0,109.4,-9.3,-52,-22.3
2608,100.0,100.0,103.9,-4.8,-184,-10.4
2618,100.0,100.0,101.5,-1.4,-0,-0.3
2628,100.0,100.0,100.3,-0.2,0,1.3
2638,100.0,100.0,99.9,0.2,0,1.4
2648,100.0,100.0,99.7,0.3,0,1.5
2658,100.0,100.0,99.7,0.3,0,1.5
2668,100.0,100.0,99.6,0.3,0,1.5
2678,100.0,100.0,99.6,0.3,0,1.5
2688,100.0,100.0,99.6,0.4,0,1.4
2698,100.0,100.0,99.6,0.4,0,1.5
2708,100.0,100.0,99.6,0.3,0,1.4
2718,100.0,100.0,99.7,0.3,0,1.4
2728,100.0,100.0,99.6,0.4,0,1.5
2738,100.0,100.0,99.6,0.4,0,1.5
2748,100.0,100.0,99.6,0.3,0,1.5
2758,100.0,100.0,99.6,0.3,0,1.4
2768,100.0,100.0,99.6,0.4,0,1.4
2778,100.0,100.0,99.7,0.4,0,1.5
2788,100.0,100.0,99.6,0.4,0,1.5
2798,100.0,100.0,99.7,0.4,0,1.5
2808,100.0,100.0,99.6,0.4,0,1.5
2818,100.0,100.0,99.6,0.4,0,1.5
2828,100.0,100.0,99.6,0.4,0,1.4
2838,100.0,100.0,99.6,0.3,0,1.4
2848,100.0,100.0,99.7,0.4,0,1.5
2858,100.0,100.0,99.6,0.4,0,1.5
2868,100.0,100.0,99.6,0.3,0,1.4
2878,100.0,100.0,99.7,0.3,0,1.4
2888,100.0,100.0,99.6,0.3,0,1.4
2898,100.0,100.0,99.6,0.4,0,1.4
2908,100.0,100.0,99.6,0.3,0,1.5
2918,100.0,100.0,99.6,0.4,0,1.5
2928,100.0,100.0,99.6,0.4,0,1.5
2938,100.0,100.0,99.7,0.4,0,1.4
2948,100.0,100.0,99.6,0.3,0,1.4
2958,100.0,100.0,99.6,0.4,0,1.5
2969,100.0,100.0,99.6,0.4,0,1.4
2978,100.0,100.0,99.6,0.3,0,1.5
2988,100.0,100.0,99.6,0.4,0,1.4
2998,100.0,100.0,99.6,0.4,0,1.5
3008,100.0,100.0,99.6,0.4,0,1.5
3018,100.0,100.0,99.6,0.4,0,1.5
3028,100.0,100.0,99.6,0.4,0,1.4
3038,100.0,100.0,99.6,0.4,0,1.5
3048,100.0,100.0,99.6,0.3,0,1.5
3058,100.0,100.0,99.6,0.4,0,1.5
3068,100.0,100.0,99.7,0.4,0,1.4
3078,100.0,100.0,99.7,0.3,0,1.4
3088,100.0,100.0,99.6,0.4,0,1.4
3098,100.0,100.0,99.7,0.4,0,1.5
3108,100.0,100.0,99.6,0.4,0,1.4
3118,100.0,100.0,99.6,0.4,0,1.4
3128,100.0,100.0,99.6,0.4,0,1.5
3138,100.0,100.0,99.7,0.4,0,1.5
3148,100.0,100.0,99.6,0.3,0,1.4
3158,100.0,100.0,99.6,0.4,0,1.4
3168,100.0,100.0,99.7,0.4,0,1.5
3178,100.0,100.0,99.7,0.3,0,1.4
3188,100.0,100.0,99.7,0.4,0,1.5
3199,100.0,100.0,99.6,0.4,0,1.4
3208,100.0,100.0,99.6,0.4,0,1.5
3218,100.0,100.0,99.7,0.4,0,1.5
3228,100.0,100.0,99.6,0.4,0,1.4
3238,100.0,100.0,99.7,0.3,0,1.4
3249,200.0,200.0,99.5,100.4,3,60.0
3258,200.0,200.0,99.6,100.3,537,42.2
3268,200.0,200.0,101.2,98.5,489,44.7
3278,200.0,200.0,104.8,94.8,418,49.1
3288,200.0,200.0,110.2,89.7,377,51.1
3298,200.0,200.0,116.5,83.2,355,52.2
3308,200.0,200.0,123.1,76.8,337,53.4
3318,200.0,200.0,129.7,69.8,344,53.5
3328,200.0,200.0,136.5,63.2,326,54.3
3338,200.0,200.0,143.0,56.6,317,54.4
3348,200.0,200.0,149.9,49.5,327,54.2
3358,200.0,200.0,156.7,42.7,335,54.1
3368,200.0,200.0,163.7,35.8,333,54.5
3378,200.0,200.0,170.4,29.4,328,54.6
3390,200.0,200.0,177.3,22.5,309,54.2
3398,200.0,200.0,183.8,16.0,179,44.6
3408,200.0,200.0,190.5,9.3,38,25.4
3418,200.0,200.0,191.7,5.6,192,12.2
3428,200.0,200.0,192.8,4.3,39,3.8
3438,200.0,200.0,200.3,-0.4,-8,-5.0
3448,200.0,200.0,200.8,-0.8,-0,-4.6
3458,200.0,200.0,200.9,-0.9,-0,-4.1
3468,200.0,200.0,200.9,-0.9,-0,-4.0
3479,200.0,200.0,201.0,-0.9,-0,-3.9
3489,200.0,200.0,200.9,-0.9,-0,-3.9
3498,200.0,200.0,200.9,-1.0,-0,-3.9
3508,200.0,200.0,200.9,-0.9,-0,-3.8
3518,200.0,200.0,200.9,-0.9,-0,-3.8
3528,200.0,200.0,201.0,-0.9,-0,-3.8
3538,200.0,200.0,200.9,-0.9,-0,-3.8
3548,200.0,200.0,200.9,-0.9,-0,-3.8
3558,200.0,200.0,200.9,-0.9,-0,-3.8
3568,200.0,200.0,200.9,-0.9,-0,-3.8
3578,200.0,200.0,200.9,-0.9,-0,-3.8
3588,200.0,200.0,200.9,-1.0,-0,-3.9
3598,200.0,200.0,200.9,-1.0,-0,-3.8
3608,200.0,200.0,200.9,-0.9,-0,-3.8
3618,200.0,200.0,200.9,-0.9,-0,-3.8
3628,200.0,200.0,201.0,-0.9,-0,-3.8
3638,200.0,200.0,200.9,-0.9,-0,-3.8
3648,200.0,200.0,200.9,-0.9,-0,-3.8
3658,200.0,200.0,200.9,-0.9,-0,-3.8
3668,200.0,200.0,200.9,-0.9,-0,-3.8
3678,200.0,200.0,200.9,-0.9,-0,-3.8
3689,200.0,200.0,200.9,-0.9,-0,-3.8
3698,200.0,200.0,201.0,-0.9,-0,-3.8
3708,200.0,200.0,200.9,-0.9,-0,-3.8
3718,200.0,200.0,200.9,-0.9,-0,-3.8
3728,200.0,200.0,200.9,-0.9,-0,-3.8
3738,200.0,200.0,200.9,-0.9,-0,-3.8
3748,200.0,200.0,200.9,-0.9,-0,-3.8
3758,200.0,200.0,200.9,-0.9,-0,-3.8
3768,200.0,200.0,200.9,-0.9,-0,-3.8
3778,200.0,200.0,200.9,-0.9,-0,-3.8
3789,200.0,200.0,200.9,-0.9,-0,-3.8
3798,200.0,200.0,201.0,-0.9,-0,-3.8
3808,200.0,200.0,200.9,-0.9,-0,-3.8
3818,200.0,200.0,200.9,-0.9,-0,-3.8
3828,200.0,200.0,200.9,-0.9,-0,-3.8
3838,200.0,200.0,200.9,-0.9,-0,-3.7
3848,200.0,200.0,200.9,-0.9,-0,-3.8
3858,200.0,200.0,200.9,-0.9,-0,-3.8
3868,200.0,200.0,200.9,-0.9,-0,-3.8
3878,200.0,200.0,200.9,-0.9,-0,-3.8
3888,200.0,200.0,200.9,-0.9,-0,-3.8
3898,200.0,200.0,200.9,-0.9,-0,-3.8
3908,200.0,200.0,200.9,-0.9,-0,-3.8
3918,200.0,200.0,200.9,-0.9,-0,-3.8
3928,200.0,200.0,200.9,-0.9,-0,-3.8
3938,200.0,200.0,200.9,-0.9,-0,-3.8
3948,200.0,200.0,200.9,-0.9,-0,-3.8
3958,200.0,200.0,200.9,-1.0,-0,-3.8
3968,200.0,200.0,200.9,-0.9,-0,-3.8
3978,200.0,200.0,200.9,-0.9,-0,-3.8
3988,200.0,200.0,200.9,-1.0,-0,-3.8
3999,200.0,200.0,200.9,-0.9,-0,-3.8
4008,200.0,200.0,200.9,-0.9,-0,-3.8
4018,200.0,200.0,200.9,-0.9,-0,-3.8
4028,200.0,200.0,200.9,-0.9,-0,-3.8
4038,200.0,200.0,200.9,-0.9,-0,-3.8
4048,200.0,200.0,200.9,-0.9,-0,-3.8
4059,100.0,100.0,201.0,-101.0,-3,-60.0
4068,100.0,100.0,200.9,-100.8,-537,-42.2
4078,100.0,100.0,199.0,-98.9,-490,-44.5
4088,100.0,100.0,195.2,-95.1,-423,-49.0
4098,100.0,100.0,190.3,-90.1,-374,-51.0
4108,100.0,100.0,184.5,-84.2,-352,-52.1
4118,100.0,100.0,178.7,-78.4,-337,-53.2
4128,100.0,100.0,172.4,-71.9,-347,-53.7
4138,100.0,100.0,165.9,-65.8,-316,-54.4
4148,100.0,100.0,159.4,-59.0,-320,-54.2
4158,100.0,100.0,152.5,-52.1,-309,-54.2
4168,100.0,100.0,145.5,-45.0,-336,-54.2
4178,100.0,100.0,139.0,-38.7,-330,-54.4
4188,100.0,100.0,131.9,-31.7,-320,-54.8
4199,100.0,100.0,124.7,-24.3,-329,-54.5
4208,100.0,100.0,117.8,-17.5,-211,-46.9
4218,100.0,100.0,110.3,-10.1,-43,-27.7
4228,100.0,100.0,105.6,-9.6,-160,-14.7
4238,100.0,100.0,101.7,-1.6,-0,-1.0
4248,100.0,100.0,100.3,-0.2,0,1.5
4258,100.0,100.0,99.8,0.2,0,1.6
4268,100.0,100.0,99.7,0.3,0,1.7
4278,100.0,100.0,99.6,0.4,0,1.8
4288,100.0,100.0,99.6,0.4,0,1.8
4298,100.0,100.0,99.6,0.4,0,1.7
4308,100.0,100.0,99.6,0.4,0,1.7
4318,100.0,100.0,99.6,0.4,0,1.6
4328,100.0,100.0,99.6,0.4,0,1.7
4338,100.0,100.0,99.6,0.4,0,1.7
4348,100.0,100.0,99.6,0.4,0,1.7
4358,100.0,100.0,99.6,0.4,0,1.7
4368,100.0,100.0,99.6,0.4,0,1.7
4378,100.0,100.0,99.6,0.4,0,1.6
4388,100.0,100.0,99.5,0.5,0,1.7
4398,100.0,100.0,99.6,0.4,0,1.6
4408,100.0,100.0,99.6,0.4,0,1.7
4418,100.0,100.0,99.6,0.4,0,1.7
4428,100.0,100.0,99.6,0.4,0,1.7
4438,100.0,100.0,99.6,0.4,0,1.7
4448,100.0,100.0,99.6,0.4,0,1.6
4458,100.0,100.0,99.6,0.4,0,1.7
4468,100.0,100.0,99.6,0.4,0,1.7
4478,100.0,100.0,99.6,0.4,0,1.6
4488,100.0,100.0,99.6,0.4,0,1.7
4498,100.0,100.0,99.6,0.4,0,1.6
4509,100.0,100.0,99.6,0.4,0,1.7
4518,100.0,100.0,99.6,0.4,0,1.7
4528,100.0,100.0,99.6,0.4,0,1.7
4538,100.0,100.0,99.6,0.4,0,1.7
4548,100.0,100.0,99.6,0.4,0,1.7
4558,100.0,100.0,99.6,0.4,0,1.6
4568,100.0,100.0,99.6,0.4,0,1.6
4578,100.0,100.0,99.6,0.4,0,1.6
4588,100.0,100.0,99.6,0.4,0,1.7
4598,100.0,100.0,99.6,0.4,0,1.7
4608,100.0,100.0,99.6,0.4,0,1.7
4618,100.0,100.0,99.6,0.4,0,1.7
4628,100.0,100.0,99.6,0.4,0,1.7
4638,100.0,100.0,99.6,0.4,0,1.7
4648,100.0,100.0,99.6,0.4,0,1.7
4658,100.0,100.0,99.6,0.4,0,1.7
4668,100.0,100.0,99.6,0.4,0,1.7
4678,100.0,100.0,99.6,0.4,0,1.7
4688,100.0,100.0,99.6,0.4,0,1.7
4698,100.0,100.0,99.6,0.4,0,1.7
4708,100.0,100.0,99.6,0.4,0,1.7
4718,100.0,100.0,99.6,0.4,0,1.6
4728,100.0,100.0,99.6,0.4,0,1.7
4738,100.0,100.0,99.6,0.4,0,1.7
4748,100.0,100.0,99.6,0.5,0,1.7
4758,100.0,100.0,99.6,0.4,0,1.7
4768,100.0,100.0,99.6,0.4,0,1.7
4778,100.0,100.0,99.6,0.4,0,1.6
4788,100.0,100.0,99.6,0.4,0,1.6
4798,100.0,100.0,99.6,0.4,0,1.6
4808,100.0,100.0,99.6,0.4,0,1.6
4818,100.0,100.0,99.6,0.4,0,1.6
4828,100.0,100.0,99.6,0.4,0,1.6
4838,100.0,100.0,99.6,0.4,0,1.6
4848,100.0,100.0,99.6,0.4,0,1.7
4858,100.0,100.0,99.6,0.4,0,1.6
#SWEEP_END
